2026-01-21 16:26:34 INFO  TC_005_PaymentTest:20 - ***** Starting TC_005_PaymentTest *****
2026-01-21 16:26:34 INFO  TC_005_PaymentTest:25 - clicked on myaccount link on the home page..
2026-01-21 16:26:38 INFO  TC_005_PaymentTest:30 - clicked on login link under myaccount..
2026-01-21 16:26:38 INFO  TC_005_PaymentTest:31 - Entering valid email and password..
2026-01-21 16:26:43 INFO  TC_005_PaymentTest:35 - clicked on login button..
2026-01-21 16:26:43 INFO  TC_005_PaymentTest:44 - Successfully Logged in
2026-01-21 16:26:43 INFO  TC_005_PaymentTest:49 - Product is adding to the cart
2026-01-21 16:26:44 INFO  TC_005_PaymentTest:52 - Clicking on View Cart
2026-01-21 16:26:46 INFO  TC_005_PaymentTest:55 - Verifying product is Successfully present in Cart
2026-01-21 16:26:46 INFO  TC_005_PaymentTest:61 - Product id proceeding for checkout
2026-01-21 16:26:49 INFO  TC_005_PaymentTest:64 - Clicking on place order button
2026-01-21 16:26:50 INFO  TC_005_PaymentTest:70 - Verifying payment page is displayed
2026-01-21 16:26:56 INFO  TC_005_PaymentTest:73 - Filling Card details
2026-01-21 16:26:57 INFO  TC_005_PaymentTest:76 - Clicking on pay and confirm order button
2026-01-21 16:27:01 INFO  TC_005_PaymentTest:82 - Verifying order has been placed successfully
2026-01-21 16:27:01 INFO  TC_005_PaymentTest:85 - Click on continue button to continue our shopping
2026-01-21 16:27:04 INFO  TC_005_PaymentTest:88 - ***** Ending TC_005_PaymentTest *****
2026-01-21 16:37:56 INFO  TC_004_LoginDDT:26 - **** Starting TC_003_LoginDDT *****
2026-01-21 16:38:14 INFO  TC_004_LoginDDT:76 - **** Finished TC_003_LoginDDT *****
2026-01-21 16:38:14 INFO  TC_004_LoginDDT:26 - **** Starting TC_003_LoginDDT *****
2026-01-21 16:38:32 INFO  TC_004_LoginDDT:76 - **** Finished TC_003_LoginDDT *****
2026-01-21 16:38:32 INFO  TC_004_LoginDDT:26 - **** Starting TC_003_LoginDDT *****
2026-01-21 16:38:51 INFO  TC_004_LoginDDT:76 - **** Finished TC_003_LoginDDT *****
2026-01-21 16:38:51 INFO  TC_004_LoginDDT:26 - **** Starting TC_003_LoginDDT *****
2026-01-21 16:39:07 INFO  TC_004_LoginDDT:76 - **** Finished TC_003_LoginDDT *****
2026-01-21 16:39:07 INFO  TC_004_LoginDDT:26 - **** Starting TC_003_LoginDDT *****
2026-01-21 16:41:44 INFO  TC_004_LoginDDT:76 - **** Finished TC_003_LoginDDT *****
